
> achiera-web@0.1.0 build
> next build

[baseline-browser-mapping] The data in this module is over two months old.  To ensure accurate Baseline data, please update: `npm i baseline-browser-mapping@latest -D`
   ▲ Next.js 16.0.5 (Turbopack)
   - Environments: .env

 ⚠ The "middleware" file convention is deprecated. Please use "proxy" instead. Learn more: https://nextjs.org/docs/messages/middleware-to-proxy
   Creating an optimized production build ...
[baseline-browser-mapping] The data in this module is over two months old.  To ensure accurate Baseline data, please update: `npm i baseline-browser-mapping@latest -D`
 ✓ Compiled successfully in 51s
   Running TypeScript ...
Failed to compile.

./scripts/populate-product-pricing.ts:15:39
Type error: Property 'mockupVariant' does not exist on type 'PrismaClient<PrismaClientOptions, never, DefaultArgs>'.

[0m [90m 13 |[39m     [36mtry[39m {
 [90m 14 |[39m         [90m// 1. Get all active variants[39m
[31m[1m>[22m[39m[90m 15 |[39m         [36mconst[39m variants [33m=[39m [36mawait[39m prisma[33m.[39mmockupVariant[33m.[39mfindMany({
 [90m    |[39m                                       [31m[1m^[22m[39m
 [90m 16 |[39m             where[33m:[39m { isActive[33m:[39m [36mtrue[39m }[33m,[39m
 [90m 17 |[39m             include[33m:[39m {
 [90m 18 |[39m                 template[33m:[39m {[0m
Next.js build worker exited with code: 1 and signal: null
