
> achiera-web@0.1.0 build
> next build

[baseline-browser-mapping] The data in this module is over two months old.  To ensure accurate Baseline data, please update: `npm i baseline-browser-mapping@latest -D`
   ▲ Next.js 16.0.5 (Turbopack)
   - Environments: .env

 ⚠ The "middleware" file convention is deprecated. Please use "proxy" instead. Learn more: https://nextjs.org/docs/messages/middleware-to-proxy
   Creating an optimized production build ...
[baseline-browser-mapping] The data in this module is over two months old.  To ensure accurate Baseline data, please update: `npm i baseline-browser-mapping@latest -D`
 ✓ Compiled successfully in 48s
   Running TypeScript ...
Failed to compile.

./scripts/debug-products.ts:36:41
Type error: Object literal may only specify known properties, and 'mode' does not exist in type 'StringFilter<"FrozenProduct">'.

[0m [90m 34 |[39m     [36mconst[39m samples [33m=[39m [36mawait[39m prisma[33m.[39mfrozenProduct[33m.[39mfindMany({
 [90m 35 |[39m         where[33m:[39m {
[31m[1m>[22m[39m[90m 36 |[39m             name[33m:[39m { contains[33m:[39m [32m'sample'[39m[33m,[39m mode[33m:[39m [32m'insensitive'[39m }
 [90m    |[39m                                         [31m[1m^[22m[39m
 [90m 37 |[39m         }[33m,[39m
 [90m 38 |[39m         include[33m:[39m { category[33m:[39m [36mtrue[39m }
 [90m 39 |[39m     })[33m;[39m[0m
Next.js build worker exited with code: 1 and signal: null
