
> achiera-web@0.1.0 build
> next build

[baseline-browser-mapping] The data in this module is over two months old.  To ensure accurate Baseline data, please update: `npm i baseline-browser-mapping@latest -D`
   ▲ Next.js 16.0.5 (Turbopack)
   - Environments: .env

 ⚠ The "middleware" file convention is deprecated. Please use "proxy" instead. Learn more: https://nextjs.org/docs/messages/middleware-to-proxy
   Creating an optimized production build ...
[baseline-browser-mapping] The data in this module is over two months old.  To ensure accurate Baseline data, please update: `npm i baseline-browser-mapping@latest -D`
 ✓ Compiled successfully in 43s
   Running TypeScript ...
Failed to compile.

./scripts/create-owner.ts:57:23
Type error: Type '"OWNER"' is not assignable to type 'BrandRole | EnumBrandRoleFieldUpdateOperationsInput | undefined'.

[0m [90m 55 |[39m                 }
 [90m 56 |[39m             }[33m,[39m
[31m[1m>[22m[39m[90m 57 |[39m             update[33m:[39m { role[33m:[39m [32m'OWNER'[39m }[33m,[39m
 [90m    |[39m                       [31m[1m^[22m[39m
 [90m 58 |[39m             create[33m:[39m {
 [90m 59 |[39m                 userId[33m:[39m user[33m.[39mid[33m,[39m
 [90m 60 |[39m                 brandId[33m:[39m brand[33m.[39mid[33m,[39m[0m
Next.js build worker exited with code: 1 and signal: null
