
> achiera-web@0.1.0 build
> next build

[baseline-browser-mapping] The data in this module is over two months old.  To ensure accurate Baseline data, please update: `npm i baseline-browser-mapping@latest -D`
   ▲ Next.js 16.0.5 (Turbopack)
   - Environments: .env

 ⚠ The "middleware" file convention is deprecated. Please use "proxy" instead. Learn more: https://nextjs.org/docs/messages/middleware-to-proxy
   Creating an optimized production build ...
[baseline-browser-mapping] The data in this module is over two months old.  To ensure accurate Baseline data, please update: `npm i baseline-browser-mapping@latest -D`
 ✓ Compiled successfully in 67s
   Running TypeScript ...
Failed to compile.

./scripts/create-sample-products.ts:29:17
Type error: Type '{ brandId: string; name: string; slug: string; }' is not assignable to type '(Without<MerchCollectionCreateInput, MerchCollectionUncheckedCreateInput> & MerchCollectionUncheckedCreateInput) | (Without<...> & MerchCollectionCreateInput)'.
  Type '{ brandId: string; name: string; slug: string; }' is not assignable to type 'Without<MerchCollectionCreateInput, MerchCollectionUncheckedCreateInput> & MerchCollectionUncheckedCreateInput'.
    Type '{ brandId: string; name: string; slug: string; }' is missing the following properties from type 'MerchCollectionUncheckedCreateInput': heroTitle, heroSubtitle

[0m [90m 27 |[39m             console[33m.[39mlog([32m'Creating default collection...'[39m)[33m;[39m
 [90m 28 |[39m             collection [33m=[39m [36mawait[39m prisma[33m.[39mmerchCollection[33m.[39mcreate({
[31m[1m>[22m[39m[90m 29 |[39m                 data[33m:[39m {
 [90m    |[39m                 [31m[1m^[22m[39m
 [90m 30 |[39m                     brandId[33m:[39m brand[33m.[39mid[33m,[39m
 [90m 31 |[39m                     name[33m:[39m [32m'Default Collection'[39m[33m,[39m
 [90m 32 |[39m                     slug[33m:[39m [32m'default-collection'[39m[0m
Next.js build worker exited with code: 1 and signal: null
