
> achiera-web@0.1.0 build
> next build

[baseline-browser-mapping] The data in this module is over two months old.  To ensure accurate Baseline data, please update: `npm i baseline-browser-mapping@latest -D`
   ▲ Next.js 16.0.5 (Turbopack)
   - Environments: .env

 ⚠ The "middleware" file convention is deprecated. Please use "proxy" instead. Learn more: https://nextjs.org/docs/messages/middleware-to-proxy
   Creating an optimized production build ...
[baseline-browser-mapping] The data in this module is over two months old.  To ensure accurate Baseline data, please update: `npm i baseline-browser-mapping@latest -D`
 ✓ Compiled successfully in 57s
   Running TypeScript ...
Failed to compile.

./scripts/extract-pdf-text.ts:6:30
Type error: Could not find a declaration file for module 'mailparser'. 'D:/PROJECT IOT/Automation Smart Lighting System/smart-billiard-main/achiera-web/node_modules/mailparser/index.js' implicitly has an 'any' type.
  Try `npm i --save-dev @types/mailparser` if it exists or add a new declaration (.d.ts) file containing `declare module 'mailparser';`

[0m [90m 4 |[39m [36mimport[39m [33m*[39m [36mas[39m fs [36mfrom[39m [32m'fs'[39m[33m;[39m
 [90m 5 |[39m [36mimport[39m pdf [36mfrom[39m [32m'pdf-parse'[39m[33m;[39m
[31m[1m>[22m[39m[90m 6 |[39m [36mimport[39m { simpleParser } [36mfrom[39m [32m'mailparser'[39m[33m;[39m
 [90m   |[39m                              [31m[1m^[22m[39m
 [90m 7 |[39m
 [90m 8 |[39m [36mconst[39m prisma [33m=[39m [36mnew[39m [33mPrismaClient[39m()[33m;[39m
 [90m 9 |[39m[0m
Next.js build worker exited with code: 1 and signal: null
